<html>
<body>
<pre>
<h1>礦ision Build Log</h1>
<h2>Project:</h2>
F:\lindabell\0.Project\4.丁老师项目\1.车载终端\外设-液晶、语音\ARM板程序\projectLIB\LCD_TTS.uvproj
Project File Date:  06/09/2012

<h2>Output:</h2>
Build target 'Target 1'
compiling main.c...
d:\Keil\ARM\Inc\ST\STM32F10x\stm32f10x.h(96): error:  #35: #error directive: "Please select first the target STM32F10x device used in your application (in stm32f10x.h file)"
compiling stm32f10x_it.c...
d:\Keil\ARM\Inc\ST\STM32F10x\stm32f10x.h(96): error:  #35: #error directive: "Please select first the target STM32F10x device used in your application (in stm32f10x.h file)"
Target not created
Build target 'Target 1'
compiling main.c...
d:\Keil\ARM\Inc\ST\STM32F10x\stm32f10x.h(96): error:  #35: #error directive: "Please select first the target STM32F10x device used in your application (in stm32f10x.h file)"
compiling stm32f10x_it.c...
d:\Keil\ARM\Inc\ST\STM32F10x\stm32f10x.h(96): error:  #35: #error directive: "Please select first the target STM32F10x device used in your application (in stm32f10x.h file)"
Target not created
Build target 'Target 1'
compiling main.c...
d:\Keil\ARM\Inc\ST\STM32F10x\stm32f10x.h(8297): error:  #5: cannot open source input file "stm32f10x_conf.h": No such file or directory
compiling stm32f10x_it.c...
d:\Keil\ARM\Inc\ST\STM32F10x\stm32f10x.h(8297): error:  #5: cannot open source input file "stm32f10x_conf.h": No such file or directory
Target not created
Build target 'Target 1'
compiling main.c...
compiling stm32f10x_it.c...
linking...
..\output\LCD_TTS.sct(7): error: L6236E: No section matches selector - no section to be FIRST/LAST.
"..\output\LCD_TTS.axf" - 1 Error(s), 0 Warning(s).
Build target 'Target 1'
assembling startup_stm32f10x_md.s...
linking...
..\output\LCD_TTS.axf: Error: L6218E: Undefined symbol LCD_Hardware_Init (referred from main.o).
..\output\LCD_TTS.axf: Error: L6218E: Undefined symbol LCD_Write_Str (referred from main.o).
..\output\LCD_TTS.axf: Error: L6218E: Undefined symbol LCD_init (referred from main.o).
..\output\LCD_TTS.axf: Error: L6218E: Undefined symbol SystemCoreClock (referred from main.o).
..\output\LCD_TTS.axf: Error: L6218E: Undefined symbol led_configure (referred from main.o).
..\output\LCD_TTS.axf: Error: L6218E: Undefined symbol usart1_configure (referred from main.o).
..\output\LCD_TTS.axf: Error: L6218E: Undefined symbol usart2_configure (referred from main.o).
..\output\LCD_TTS.axf: Error: L6218E: Undefined symbol GPIO_ResetBits (referred from stm32f10x_it.o).
..\output\LCD_TTS.axf: Error: L6218E: Undefined symbol GPIO_SetBits (referred from stm32f10x_it.o).
..\output\LCD_TTS.axf: Error: L6218E: Undefined symbol SystemInit (referred from startup_stm32f10x_md.o).
Target not created
Build target 'Target 1'
compiling main.c...
compiling stm32f10x_it.c...
assembling startup_stm32f10x_md.s...
linking...
..\output\outlib\LCD_TTS.axf: Error: L6218E: Undefined symbol LCD_Hardware_Init (referred from main.o).
..\output\outlib\LCD_TTS.axf: Error: L6218E: Undefined symbol LCD_Write_Str (referred from main.o).
..\output\outlib\LCD_TTS.axf: Error: L6218E: Undefined symbol LCD_init (referred from main.o).
..\output\outlib\LCD_TTS.axf: Error: L6218E: Undefined symbol SystemCoreClock (referred from main.o).
..\output\outlib\LCD_TTS.axf: Error: L6218E: Undefined symbol led_configure (referred from main.o).
..\output\outlib\LCD_TTS.axf: Error: L6218E: Undefined symbol usart1_configure (referred from main.o).
..\output\outlib\LCD_TTS.axf: Error: L6218E: Undefined symbol usart2_configure (referred from main.o).
..\output\outlib\LCD_TTS.axf: Error: L6218E: Undefined symbol GPIO_ResetBits (referred from stm32f10x_it.o).
..\output\outlib\LCD_TTS.axf: Error: L6218E: Undefined symbol GPIO_SetBits (referred from stm32f10x_it.o).
..\output\outlib\LCD_TTS.axf: Error: L6218E: Undefined symbol SystemInit (referred from startup_stm32f10x_md.o).
Target not created
Build target 'Target 1'
linking...
Program Size: Code=7392 RO-data=360 RW-data=60 ZI-data=1876  
"..\output\outlib\LCD_TTS.axf" - 0 Error(s), 0 Warning(s).
Load "..\\output\\outlib\\LCD_TTS.AXF" 
Internal DLL Error
Build target 'Target 1'
assembling startup_stm32f10x_md.s...
compiling main.c...
compiling stm32f10x_it.c...
linking...
Program Size: Code=4896 RO-data=348 RW-data=52 ZI-data=1028  
"..\output\outlib\LCD_TTS.axf" - 0 Error(s), 0 Warning(s).
Load "..\\output\\outlib\\LCD_TTS.AXF" 
* JLink Info: Device "STM32F103C8" selected (64 KB flash, 20 KB RAM).
Set JLink Project File to "F:\lindabell\0.Project\4.丁老师项目\1.车载终端\外设-液晶、语音\ARM板程序\projectLIB\JLinkSettings.ini"
 
JLink info:
------------
DLL: V4.40c, compiled Jan 24 2012 09:30:33
Firmware: J-Link ARM V8 compiled Dec  6 2011 18:57:44
Hardware: V8.00
S/N : 68000019 
Feature(s) : RDI, FlashDL, FlashBP, JFlash, GDBFull 
 
* JLink Info: Found SWD-DP with ID 0x1BA01477
* JLink Info: TPIU fitted.
* JLink Info:   FPUnit: 6 code (BP) slots and 2 literal slots
* JLink Info: Found Cortex-M3 r1p1, Little endian.
ROMTableAddr = 0xE00FF003
* JLink Info: Found SWD-DP with ID 0x1BA01477
* JLink Info: TPIU fitted.
* JLink Info:   FPUnit: 6 code (BP) slots and 2 literal slots
* JLink Info: Found Cortex-M3 r1p1, Little endian.
 
Target info:
------------
Device: STM32F103C8
VTarget = 3.241V
State of Pins: 
TCK: 0, TDI: 0, TDO: 0, TMS: 0, TRES: 1, TRST: 0
Hardware-Breakpoints: 6
Software-Breakpoints: 8192
Watchpoints:          4
JTAG speed: 4000 kHz
 
Erase Done.
Programming Done.
Verify OK.
Build target 'Target 1'
compiling main.c...
linking...
Program Size: Code=4900 RO-data=348 RW-data=52 ZI-data=1028  
"..\output\outlib\LCD_TTS.axf" - 0 Error(s), 0 Warning(s).
Load "..\\output\\outlib\\LCD_TTS.AXF" 
* JLink Info: Device "STM32F103C8" selected (64 KB flash, 20 KB RAM).
Set JLink Project File to "F:\lindabell\0.Project\4.丁老师项目\1.车载终端\外设-液晶、语音\ARM板程序\projectLIB\JLinkSettings.ini"
 
JLink info:
------------
DLL: V4.40c, compiled Jan 24 2012 09:30:33
Firmware: J-Link ARM V8 compiled Dec  6 2011 18:57:44
Hardware: V8.00
S/N : 68000019 
Feature(s) : RDI, FlashDL, FlashBP, JFlash, GDBFull 
 
* JLink Info: Found SWD-DP with ID 0x1BA01477
* JLink Info: TPIU fitted.
* JLink Info:   FPUnit: 6 code (BP) slots and 2 literal slots
* JLink Info: Found Cortex-M3 r1p1, Little endian.
ROMTableAddr = 0xE00FF003
* JLink Info: Found SWD-DP with ID 0x1BA01477
* JLink Info: TPIU fitted.
* JLink Info:   FPUnit: 6 code (BP) slots and 2 literal slots
* JLink Info: Found Cortex-M3 r1p1, Little endian.
 
Target info:
------------
Device: STM32F103C8
VTarget = 3.241V
State of Pins: 
TCK: 0, TDI: 0, TDO: 0, TMS: 0, TRES: 1, TRST: 0
Hardware-Breakpoints: 6
Software-Breakpoints: 8192
Watchpoints:          4
JTAG speed: 4000 kHz
 
Erase Done.
Programming Done.
Verify OK.
